******************************************************************************
                  TI ARM Linker PC v20.2.7                     
******************************************************************************
>> Linked Sun May  4 19:25:36 2025

OUTPUT FILE NAME:   <test-pwm-yaraaaaaaaaaaaaaab.out>
ENTRY POINT SYMBOL: "_c_int00_noargs"  address: 00002699


MEMORY CONFIGURATION

         name            origin    length      used     unused   attr    fill
----------------------  --------  ---------  --------  --------  ----  --------
  FLASH                 00000000   00040000  00002956  0003d6aa  R  X
  SRAM                  20000000   00008000  00000278  00007d88  RW X


SEGMENT ALLOCATION MAP

run origin  load origin   length   init length attrs members
----------  ----------- ---------- ----------- ----- -------
00000000    00000000    00002958   00002958    r-x
  00000000    00000000    0000026c   0000026c    r-- .intvecs
  0000026c    0000026c    000024ec   000024ec    r-x .text
  00002758    00002758    0000019e   0000019e    r-- .const
  000028f8    000028f8    00000060   00000060    r-- .cinit
20000000    20000000    00000278   00000000    rw-
  20000000    20000000    00000200   00000000    rw- .stack
  20000200    20000200    0000004c   00000000    rw- .data
  2000024c    2000024c    0000002c   00000000    rw- .bss


SECTION ALLOCATION MAP

 output                                  attributes/
section   page    origin      length       input sections
--------  ----  ----------  ----------   ----------------
.intvecs   0    00000000    0000026c     
                  00000000    0000026c     tm4c123gh6pm_startup_ccs.obj (.intvecs)

.text      0    0000026c    000024ec     
                  0000026c    0000131c     Port.obj (.text)
                  00001588    00000350     uart.obj (.text)
                  000018d8    0000034c     Dio.obj (.text)
                  00001c24    00000268     pwm.obj (.text)
                  00001e8c    000001b6     rtsv7M4_T_le_v4SPD16_eabi.lib : fd_add_t2.asm.obj (.text)
                  00002042    00000002     --HOLE-- [fill = 0]
                  00002044    00000150     control_app.obj (.text)
                  00002194    00000136     rtsv7M4_T_le_v4SPD16_eabi.lib : fd_div_t2.asm.obj (.text)
                  000022ca    00000002     --HOLE-- [fill = 0]
                  000022cc    0000010a     main.obj (.text)
                  000023d6    000000fc     rtsv7M4_T_le_v4SPD16_eabi.lib : fd_mul_t2.asm.obj (.text)
                  000024d2    0000009c                                   : memcpy_t2.asm.obj (.text)
                  0000256e    00000068                                   : copy_decompress_lzss.c.obj (.text:decompress:lzss:__TI_decompress_lzss)
                  000025d6    00000002     --HOLE-- [fill = 0]
                  000025d8    00000044                                   : autoinit.c.obj (.text:__TI_auto_init_nobinit_nopinit:__TI_auto_init_nobinit_nopinit)
                  0000261c    00000044                                   : fd_tou_t2.asm.obj (.text)
                  00002660    00000038                                   : fs_tod_t2.asm.obj (.text)
                  00002698    00000034                                   : boot_cortex_m.c.obj (.text:_c_int00_noargs:_c_int00_noargs)
                  000026cc    00000020                                   : u_tofd_t2.asm.obj (.text)
                  000026ec    0000001c                                   : copy_zero_init.c.obj (.text:decompress:ZI:__TI_zero_init_nomemset:__TI_zero_init_nomemset)
                  00002708    00000018                                   : ll_mul_t2.asm.obj (.text)
                  00002720    00000016     Det.obj (.text)
                  00002736    0000000e     rtsv7M4_T_le_v4SPD16_eabi.lib : copy_decompress_none.c.obj (.text:decompress:none:__TI_decompress_none)
                  00002744    0000000c     tm4c123gh6pm_startup_ccs.obj (.text)
                  00002750    00000004     rtsv7M4_T_le_v4SPD16_eabi.lib : pre_init.c.obj (.text:_system_pre_init)
                  00002754    00000004                                   : exit.c.obj (.text:abort:abort)

.const     0    00002758    0000019e     
                  00002758    00000158     Port_PBcfg.obj (.const:Port_Configuration)
                  000028b0    00000020     pwm.obj (.const:PinAddressOffset)
                  000028d0    00000018     pwm.obj (.const:PortBaseAddress)
                  000028e8    0000000e     Dio_PBcfg.obj (.const:Dio_Configuration)

.cinit     0    000028f8    00000060     
                  000028f8    00000037     (.cinit..data.load) [load image, compression = lzss]
                  0000292f    00000001     --HOLE-- [fill = 0]
                  00002930    0000000c     (__TI_handler_table)
                  0000293c    00000004     --HOLE-- [fill = 0]
                  00002940    00000008     (.cinit..bss.load) [load image, compression = zero_init]
                  00002948    00000010     (__TI_cinit_table)

.init_array 
*          0    00000000    00000000     UNINITIALIZED

.data      0    20000200    0000004c     UNINITIALIZED
                  20000200    00000020     uart.obj (.data:uart_bases)
                  20000220    0000000c     uart_PBcfg.obj (.data:uart0_cfg)
                  2000022c    0000000c     uart_PBcfg.obj (.data:uart1_cfg)
                  20000238    00000005     Dio.obj (.data)
                  2000023d    00000003     --HOLE--
                  20000240    00000005     Port.obj (.data)
                  20000245    00000003     --HOLE--
                  20000248    00000004     uart.obj (.data)

.bss       0    2000024c    0000002c     UNINITIALIZED
                  2000024c    00000018     (.common:PWMPort)
                  20000264    00000008     (.common:PWMPin)
                  2000026c    00000004     (.common:High)
                  20000270    00000004     (.common:Low)
                  20000274    00000004     (.common:PWMPeriod)

.stack     0    20000000    00000200     UNINITIALIZED
                  20000000    00000004     rtsv7M4_T_le_v4SPD16_eabi.lib : boot_cortex_m.c.obj (.stack)
                  20000004    000001fc     --HOLE--

__llvm_prf_cnts 
*          0    20000000    00000000     UNINITIALIZED

MODULE SUMMARY

       Module                         code   ro data   rw data
       ------                         ----   -------   -------
    .\
       main.obj                       266    0         0      
    +--+------------------------------+------+---------+---------+
       Total:                         266    0         0      
                                                              
    .\Critical_Files\
       tm4c123gh6pm_startup_ccs.obj   12     620       0      
       Det.obj                        22     0         0      
    +--+------------------------------+------+---------+---------+
       Total:                         34     620       0      
                                                              
    .\Dio_Driver\
       Dio.obj                        844    0         5      
       Dio_PBcfg.obj                  0      14        0      
    +--+------------------------------+------+---------+---------+
       Total:                         844    14        5      
                                                              
    .\Port_Driver\
       Port.obj                       4892   0         5      
       Port_PBcfg.obj                 0      344       0      
    +--+------------------------------+------+---------+---------+
       Total:                         4892   344       5      
                                                              
    .\Uart_Driver\
       uart.obj                       848    0         36     
       uart_PBcfg.obj                 0      0         24     
    +--+------------------------------+------+---------+---------+
       Total:                         848    0         60     
                                                              
    .\control_driver\
       control_app.obj                336    0         0      
    +--+------------------------------+------+---------+---------+
       Total:                         336    0         0      
                                                              
    .\pwm\
       pwm.obj                        616    56        44     
    +--+------------------------------+------+---------+---------+
       Total:                         616    56        44     
                                                              
    C:\ti\codecomposer1260\ccs\tools\compiler\ti-cgt-arm_20.2.7.LTS\lib\rtsv7M4_T_le_v4SPD16_eabi.lib
       fd_add_t2.asm.obj              438    0         0      
       fd_div_t2.asm.obj              310    0         0      
       fd_mul_t2.asm.obj              252    0         0      
       memcpy_t2.asm.obj              156    0         0      
       copy_decompress_lzss.c.obj     104    0         0      
       autoinit.c.obj                 68     0         0      
       fd_tou_t2.asm.obj              68     0         0      
       fs_tod_t2.asm.obj              56     0         0      
       boot_cortex_m.c.obj            52     0         0      
       u_tofd_t2.asm.obj              32     0         0      
       copy_zero_init.c.obj           28     0         0      
       ll_mul_t2.asm.obj              24     0         0      
       copy_decompress_none.c.obj     14     0         0      
       exit.c.obj                     4      0         0      
       pre_init.c.obj                 4      0         0      
    +--+------------------------------+------+---------+---------+
       Total:                         1610   0         0      
                                                              
       Stack:                         0      0         512    
       Linker Generated:              0      91        0      
    +--+------------------------------+------+---------+---------+
       Grand Total:                   9446   1125      626    


LINKER GENERATED COPY TABLES

__TI_cinit_table @ 00002948 records: 2, size/record: 8, table size: 16
	.data: load addr=000028f8, load size=00000037 bytes, run addr=20000200, run size=0000004c bytes, compression=lzss
	.bss: load addr=00002940, load size=00000008 bytes, run addr=2000024c, run size=0000002c bytes, compression=zero_init


LINKER GENERATED HANDLER TABLE

__TI_handler_table @ 00002930 records: 3, size/record: 4, table size: 12
	index: 0, handler: __TI_decompress_lzss
	index: 1, handler: __TI_decompress_none
	index: 2, handler: __TI_zero_init


GLOBAL SYMBOLS: SORTED ALPHABETICALLY BY Name 

address   name                          
-------   ----                          
00002755  C$$EXIT                       
00002375  DelayMs                       
00002145  Delay_MS                      
00002721  Det_ReportError               
000028e8  Dio_Configuration             
00001aef  Dio_FlipChannel               
00001ab7  Dio_GetVersionInfo            
000018d9  Dio_Init                      
000019dd  Dio_ReadChannel               
000018fd  Dio_WriteChannel              
2000026c  High                          
20000270  Low                           
20000274  PWMPeriod                     
20000264  PWMPin                        
2000024c  PWMPort                       
00001c25  PWMSoftware_Init              
00001d07  PWMSoftware_SetDuty           
000028b0  PinAddressOffset              
000028d0  PortBaseAddress               
00002758  Port_Configuration            
00000d9d  Port_GetVersionInfo           
0000026d  Port_Init                     
00000ce5  Port_RefreshPortDirection     
00000bf9  Port_SetPinDirection          
00000de5  Port_SetPinMode               
00002745  ResetISR                      
00001d7d  SysTick_Handler               
00001885  UART_ReceiveData              
000017f1  UART_ReceiveString            
00001835  UART_SendData                 
000017c3  UART_SendString               
0000176b  UART_sendByte                 
20000200  __STACK_END                   
00000200  __STACK_SIZE                  
20000200  __STACK_TOP                   
00002948  __TI_CINIT_Base               
00002958  __TI_CINIT_Limit              
00002930  __TI_Handler_Table_Base       
0000293c  __TI_Handler_Table_Limit      
000025d9  __TI_auto_init_nobinit_nopinit
0000256f  __TI_decompress_lzss          
00002737  __TI_decompress_none          
ffffffff  __TI_pprof_out_hndl           
ffffffff  __TI_prof_data_size           
ffffffff  __TI_prof_data_start          
00000000  __TI_static_base__            
000026ed  __TI_zero_init_nomemset       
0000261d  __aeabi_d2uiz                 
00001e97  __aeabi_dadd                  
00002195  __aeabi_ddiv                  
000023d7  __aeabi_dmul                  
00001e8d  __aeabi_dsub                  
00002661  __aeabi_f2d                   
00002709  __aeabi_lmul                  
000024d3  __aeabi_memcpy                
000024d3  __aeabi_memcpy4               
000024d3  __aeabi_memcpy8               
000026cd  __aeabi_ui2d                  
ffffffff  __binit__                     
ffffffff  __c_args__                    
UNDEFED   __mpu_init                    
20000000  __stack                       
20000000  __start___llvm_prf_cnts       
20000000  __stop___llvm_prf_cnts        
00002699  _c_int00_noargs               
UNDEFED   _system_post_cinit            
00002751  _system_pre_init              
00002755  abort                         
ffffffff  binit                         
000020b5  car_backword                  
00002091  car_forword                   
00002045  car_init                      
000020fd  car_left                      
000020e9  car_right                     
00002111  car_stop                      
00000000  g_pfnVectors                  
000022cd  main                          
000024d3  memcpy                        
00001dcb  port_Init                     
20000220  uart0_cfg                     
2000022c  uart1_cfg                     
00001589  uartInit                      
00001797  uart_RecieveByte              
20000200  uart_bases                    
20000248  uart_ptr                      


GLOBAL SYMBOLS: SORTED BY Symbol Address 

address   name                          
-------   ----                          
00000000  __TI_static_base__            
00000000  g_pfnVectors                  
00000200  __STACK_SIZE                  
0000026d  Port_Init                     
00000bf9  Port_SetPinDirection          
00000ce5  Port_RefreshPortDirection     
00000d9d  Port_GetVersionInfo           
00000de5  Port_SetPinMode               
00001589  uartInit                      
0000176b  UART_sendByte                 
00001797  uart_RecieveByte              
000017c3  UART_SendString               
000017f1  UART_ReceiveString            
00001835  UART_SendData                 
00001885  UART_ReceiveData              
000018d9  Dio_Init                      
000018fd  Dio_WriteChannel              
000019dd  Dio_ReadChannel               
00001ab7  Dio_GetVersionInfo            
00001aef  Dio_FlipChannel               
00001c25  PWMSoftware_Init              
00001d07  PWMSoftware_SetDuty           
00001d7d  SysTick_Handler               
00001dcb  port_Init                     
00001e8d  __aeabi_dsub                  
00001e97  __aeabi_dadd                  
00002045  car_init                      
00002091  car_forword                   
000020b5  car_backword                  
000020e9  car_right                     
000020fd  car_left                      
00002111  car_stop                      
00002145  Delay_MS                      
00002195  __aeabi_ddiv                  
000022cd  main                          
00002375  DelayMs                       
000023d7  __aeabi_dmul                  
000024d3  __aeabi_memcpy                
000024d3  __aeabi_memcpy4               
000024d3  __aeabi_memcpy8               
000024d3  memcpy                        
0000256f  __TI_decompress_lzss          
000025d9  __TI_auto_init_nobinit_nopinit
0000261d  __aeabi_d2uiz                 
00002661  __aeabi_f2d                   
00002699  _c_int00_noargs               
000026cd  __aeabi_ui2d                  
000026ed  __TI_zero_init_nomemset       
00002709  __aeabi_lmul                  
00002721  Det_ReportError               
00002737  __TI_decompress_none          
00002745  ResetISR                      
00002751  _system_pre_init              
00002755  C$$EXIT                       
00002755  abort                         
00002758  Port_Configuration            
000028b0  PinAddressOffset              
000028d0  PortBaseAddress               
000028e8  Dio_Configuration             
00002930  __TI_Handler_Table_Base       
0000293c  __TI_Handler_Table_Limit      
00002948  __TI_CINIT_Base               
00002958  __TI_CINIT_Limit              
20000000  __stack                       
20000000  __start___llvm_prf_cnts       
20000000  __stop___llvm_prf_cnts        
20000200  __STACK_END                   
20000200  __STACK_TOP                   
20000200  uart_bases                    
20000220  uart0_cfg                     
2000022c  uart1_cfg                     
20000248  uart_ptr                      
2000024c  PWMPort                       
20000264  PWMPin                        
2000026c  High                          
20000270  Low                           
20000274  PWMPeriod                     
ffffffff  __TI_pprof_out_hndl           
ffffffff  __TI_prof_data_size           
ffffffff  __TI_prof_data_start          
ffffffff  __binit__                     
ffffffff  __c_args__                    
ffffffff  binit                         
UNDEFED   __mpu_init                    
UNDEFED   _system_post_cinit            

[85 symbols]
