******************************************************************************
                  TI ARM Linker PC v20.2.7                     
******************************************************************************
>> Linked Thu Feb 13 10:06:45 2025

OUTPUT FILE NAME:   <pwm_test.out>
ENTRY POINT SYMBOL: "_c_int00_noargs"  address: 000006a1


MEMORY CONFIGURATION

         name            origin    length      used     unused   attr    fill
----------------------  --------  ---------  --------  --------  ----  --------
  FLASH                 00000000   00040000  0000070e  0003f8f2  R  X
  SRAM                  20000000   00008000  00000204  00007dfc  RW X


SEGMENT ALLOCATION MAP

run origin  load origin   length   init length attrs members
----------  ----------- ---------- ----------- ----- -------
00000000    00000000    00000710   00000710    r-x
  00000000    00000000    0000026c   0000026c    r-- .intvecs
  0000026c    0000026c    0000048a   0000048a    r-x .text
  000006f8    000006f8    00000018   00000018    r-- .cinit
20000000    20000000    00000204   00000000    rw-
  20000000    20000000    00000200   00000000    rw- .stack
  20000200    20000200    00000004   00000000    rw- .data


SECTION ALLOCATION MAP

 output                                  attributes/
section   page    origin      length       input sections
--------  ----  ----------  ----------   ----------------
.intvecs   0    00000000    0000026c     
                  00000000    0000026c     tm4c123gh6pm_startup_ccs.obj (.intvecs)

.text      0    0000026c    0000048a     
                  0000026c    0000022c     PWM.obj (.text)
                  00000498    000000c0     main.obj (.text)
                  00000558    0000009c     rtsv7M4_T_le_v4SPD16_eabi.lib : memcpy_t2.asm.obj (.text)
                  000005f4    00000068                                   : copy_decompress_lzss.c.obj (.text:decompress:lzss:__TI_decompress_lzss)
                  0000065c    00000044                                   : autoinit.c.obj (.text:__TI_auto_init_nobinit_nopinit:__TI_auto_init_nobinit_nopinit)
                  000006a0    00000034                                   : boot_cortex_m.c.obj (.text:_c_int00_noargs:_c_int00_noargs)
                  000006d4    0000000e                                   : copy_decompress_none.c.obj (.text:decompress:none:__TI_decompress_none)
                  000006e2    0000000c     tm4c123gh6pm_startup_ccs.obj (.text)
                  000006ee    00000004     rtsv7M4_T_le_v4SPD16_eabi.lib : pre_init.c.obj (.text:_system_pre_init)
                  000006f2    00000004                                   : exit.c.obj (.text:abort:abort)

.cinit     0    000006f8    00000018     
                  000006f8    00000008     (__TI_handler_table)
                  00000700    00000007     (.cinit..data.load) [load image, compression = lzss]
                  00000707    00000001     --HOLE-- [fill = 0]
                  00000708    00000008     (__TI_cinit_table)

.init_array 
*          0    00000000    00000000     UNINITIALIZED

.data      0    20000200    00000004     UNINITIALIZED
                  20000200    00000004     PWM.obj (.data)

.stack     0    20000000    00000200     UNINITIALIZED
                  20000000    00000004     rtsv7M4_T_le_v4SPD16_eabi.lib : boot_cortex_m.c.obj (.stack)
                  20000004    000001fc     --HOLE--

__llvm_prf_cnts 
*          0    20000000    00000000     UNINITIALIZED

MODULE SUMMARY

       Module                         code   ro data   rw data
       ------                         ----   -------   -------
    .\
       tm4c123gh6pm_startup_ccs.obj   12     620       0      
       PWM.obj                        556    0         4      
       main.obj                       192    0         0      
    +--+------------------------------+------+---------+---------+
       Total:                         760    620       4      
                                                              
    C:\ti\codecomposer1260\ccs\tools\compiler\ti-cgt-arm_20.2.7.LTS\lib\rtsv7M4_T_le_v4SPD16_eabi.lib
       memcpy_t2.asm.obj              156    0         0      
       copy_decompress_lzss.c.obj     104    0         0      
       autoinit.c.obj                 68     0         0      
       boot_cortex_m.c.obj            52     0         0      
       copy_decompress_none.c.obj     14     0         0      
       exit.c.obj                     4      0         0      
       pre_init.c.obj                 4      0         0      
    +--+------------------------------+------+---------+---------+
       Total:                         402    0         0      
                                                              
       Stack:                         0      0         512    
       Linker Generated:              0      23        0      
    +--+------------------------------+------+---------+---------+
       Grand Total:                   1162   643       516    


LINKER GENERATED COPY TABLES

__TI_cinit_table @ 00000708 records: 1, size/record: 8, table size: 8
	.data: load addr=00000700, load size=00000007 bytes, run addr=20000200, run size=00000004 bytes, compression=lzss


LINKER GENERATED HANDLER TABLE

__TI_handler_table @ 000006f8 records: 2, size/record: 4, table size: 8
	index: 0, handler: __TI_decompress_lzss
	index: 1, handler: __TI_decompress_none


GLOBAL SYMBOLS: SORTED ALPHABETICALLY BY Name 

address   name                          
-------   ----                          
000006f3  C$$EXIT                       
0000041b  PWM_GetLoad                   
0000026d  PWM_Init                      
000003ab  PWM_SetDuty                   
000006e3  ResetISR                      
20000200  __STACK_END                   
00000200  __STACK_SIZE                  
20000200  __STACK_TOP                   
00000708  __TI_CINIT_Base               
00000710  __TI_CINIT_Limit              
000006f8  __TI_Handler_Table_Base       
00000700  __TI_Handler_Table_Limit      
0000065d  __TI_auto_init_nobinit_nopinit
000005f5  __TI_decompress_lzss          
000006d5  __TI_decompress_none          
ffffffff  __TI_pprof_out_hndl           
ffffffff  __TI_prof_data_size           
ffffffff  __TI_prof_data_start          
00000000  __TI_static_base__            
00000559  __aeabi_memcpy                
00000559  __aeabi_memcpy4               
00000559  __aeabi_memcpy8               
ffffffff  __binit__                     
ffffffff  __c_args__                    
UNDEFED   __mpu_init                    
20000000  __stack                       
20000000  __start___llvm_prf_cnts       
20000000  __stop___llvm_prf_cnts        
000006a1  _c_int00_noargs               
UNDEFED   _system_post_cinit            
000006ef  _system_pre_init              
000006f3  abort                         
ffffffff  binit                         
00000499  delay_ms                      
00000000  g_pfnVectors                  
000004cf  main                          
00000559  memcpy                        


GLOBAL SYMBOLS: SORTED BY Symbol Address 

address   name                          
-------   ----                          
00000000  __TI_static_base__            
00000000  g_pfnVectors                  
00000200  __STACK_SIZE                  
0000026d  PWM_Init                      
000003ab  PWM_SetDuty                   
0000041b  PWM_GetLoad                   
00000499  delay_ms                      
000004cf  main                          
00000559  __aeabi_memcpy                
00000559  __aeabi_memcpy4               
00000559  __aeabi_memcpy8               
00000559  memcpy                        
000005f5  __TI_decompress_lzss          
0000065d  __TI_auto_init_nobinit_nopinit
000006a1  _c_int00_noargs               
000006d5  __TI_decompress_none          
000006e3  ResetISR                      
000006ef  _system_pre_init              
000006f3  C$$EXIT                       
000006f3  abort                         
000006f8  __TI_Handler_Table_Base       
00000700  __TI_Handler_Table_Limit      
00000708  __TI_CINIT_Base               
00000710  __TI_CINIT_Limit              
20000000  __stack                       
20000000  __start___llvm_prf_cnts       
20000000  __stop___llvm_prf_cnts        
20000200  __STACK_END                   
20000200  __STACK_TOP                   
ffffffff  __TI_pprof_out_hndl           
ffffffff  __TI_prof_data_size           
ffffffff  __TI_prof_data_start          
ffffffff  __binit__                     
ffffffff  __c_args__                    
ffffffff  binit                         
UNDEFED   __mpu_init                    
UNDEFED   _system_post_cinit            

[37 symbols]
