******************************************************************************
                  TI ARM Linker PC v20.2.7                     
******************************************************************************
>> Linked Sat Feb 15 05:24:12 2025

OUTPUT FILE NAME:   <Us.out>
ENTRY POINT SYMBOL: "_c_int00_noargs"  address: 000030dd


MEMORY CONFIGURATION

         name            origin    length      used     unused   attr    fill
----------------------  --------  ---------  --------  --------  ----  --------
  FLASH                 00000000   00040000  00003198  0003ce68  R  X
  SRAM                  20000000   00008000  00000219  00007de7  RW X


SEGMENT ALLOCATION MAP

run origin  load origin   length   init length attrs members
----------  ----------- ---------- ----------- ----- -------
00000000    00000000    00003198   00003198    r-x
  00000000    00000000    0000026c   0000026c    r-- .intvecs
  0000026c    0000026c    00002f14   00002f14    r-x .text
  00003180    00003180    00000018   00000018    r-- .cinit
20000000    20000000    00000219   00000000    rw-
  20000000    20000000    00000200   00000000    rw- .stack
  20000200    20000200    00000019   00000000    rw- .data


SECTION ALLOCATION MAP

 output                                  attributes/
section   page    origin      length       input sections
--------  ----  ----------  ----------   ----------------
.intvecs   0    00000000    0000026c     
                  00000000    0000026c     tm4c123gh6pm_startup_ccs.obj (.intvecs)

.text      0    0000026c    00002f14     
                  0000026c    00001318     Port.obj (.text)
                  00001584    00001248     NVIC.obj (.text)
                  000027cc    0000034c     Dio.obj (.text)
                  00002b18    00000138     Ultrasonic.obj (.text)
                  00002c50    00000136     rtsv7M4_T_le_v4SPD16_eabi.lib : fd_div_t2.asm.obj (.text)
                  00002d86    000000fc                                   : fd_mul_t2.asm.obj (.text)
                  00002e82    000000a2     main.obj (.text)
                  00002f24    0000009c     rtsv7M4_T_le_v4SPD16_eabi.lib : memcpy_t2.asm.obj (.text)
                  00002fc0    0000006e                                   : fd_tos_t2.asm.obj (.text)
                  0000302e    00000068                                   : copy_decompress_lzss.c.obj (.text:decompress:lzss:__TI_decompress_lzss)
                  00003096    00000002     --HOLE-- [fill = 0]
                  00003098    00000044                                   : autoinit.c.obj (.text:__TI_auto_init_nobinit_nopinit:__TI_auto_init_nobinit_nopinit)
                  000030dc    00000034                                   : boot_cortex_m.c.obj (.text:_c_int00_noargs:_c_int00_noargs)
                  00003110    00000020                                   : u_tofd_t2.asm.obj (.text)
                  00003130    00000018                                   : ll_mul_t2.asm.obj (.text)
                  00003148    00000016     Det.obj (.text)
                  0000315e    0000000e     rtsv7M4_T_le_v4SPD16_eabi.lib : copy_decompress_none.c.obj (.text:decompress:none:__TI_decompress_none)
                  0000316c    0000000c     tm4c123gh6pm_startup_ccs.obj (.text)
                  00003178    00000004     rtsv7M4_T_le_v4SPD16_eabi.lib : pre_init.c.obj (.text:_system_pre_init)
                  0000317c    00000004                                   : exit.c.obj (.text:abort:abort)

.cinit     0    00003180    00000018     
                  00003180    00000008     (.cinit..data.load) [load image, compression = lzss]
                  00003188    00000008     (__TI_handler_table)
                  00003190    00000008     (__TI_cinit_table)

.init_array 
*          0    00000000    00000000     UNINITIALIZED

.data      0    20000200    00000019     UNINITIALIZED
                  20000200    00000009     Ultrasonic.obj (.data)
                  20000209    00000003     --HOLE--
                  2000020c    00000005     Dio.obj (.data)
                  20000211    00000003     --HOLE--
                  20000214    00000005     Port.obj (.data)

.stack     0    20000000    00000200     UNINITIALIZED
                  20000000    00000004     rtsv7M4_T_le_v4SPD16_eabi.lib : boot_cortex_m.c.obj (.stack)
                  20000004    000001fc     --HOLE--

__llvm_prf_cnts 
*          0    20000000    00000000     UNINITIALIZED

MODULE SUMMARY

       Module                         code    ro data   rw data
       ------                         ----    -------   -------
    .\
       Port.obj                       4888    0         5      
       NVIC.obj                       4680    0         0      
       Dio.obj                        844     0         5      
       tm4c123gh6pm_startup_ccs.obj   12      620       0      
       Ultrasonic.obj                 312     0         9      
       main.obj                       162     0         0      
       Det.obj                        22      0         0      
    +--+------------------------------+-------+---------+---------+
       Total:                         10920   620       19     
                                                               
    C:\ti\ccs1260\ccs\tools\compiler\ti-cgt-arm_20.2.7.LTS\lib\rtsv7M4_T_le_v4SPD16_eabi.lib
       fd_div_t2.asm.obj              310     0         0      
       fd_mul_t2.asm.obj              252     0         0      
       memcpy_t2.asm.obj              156     0         0      
       fd_tos_t2.asm.obj              110     0         0      
       copy_decompress_lzss.c.obj     104     0         0      
       autoinit.c.obj                 68      0         0      
       boot_cortex_m.c.obj            52      0         0      
       u_tofd_t2.asm.obj              32      0         0      
       ll_mul_t2.asm.obj              24      0         0      
       copy_decompress_none.c.obj     14      0         0      
       exit.c.obj                     4       0         0      
       pre_init.c.obj                 4       0         0      
    +--+------------------------------+-------+---------+---------+
       Total:                         1130    0         0      
                                                               
       Stack:                         0       0         512    
       Linker Generated:              0       24        0      
    +--+------------------------------+-------+---------+---------+
       Grand Total:                   12050   644       531    


LINKER GENERATED COPY TABLES

__TI_cinit_table @ 00003190 records: 1, size/record: 8, table size: 8
	.data: load addr=00003180, load size=00000008 bytes, run addr=20000200, run size=00000019 bytes, compression=lzss


LINKER GENERATED HANDLER TABLE

__TI_handler_table @ 00003188 records: 2, size/record: 4, table size: 8
	index: 0, handler: __TI_decompress_lzss
	index: 1, handler: __TI_decompress_none


GLOBAL SYMBOLS: SORTED ALPHABETICALLY BY Name 

address   name                          
-------   ----                          
0000274f  BUS_FAULT_ENABLE              
0000317d  C$$EXIT                       
000027a9  DIV0_faultEnable              
00002b19  Delay_MS                      
00003149  Det_ReportError               
000029e3  Dio_FlipChannel               
000029ab  Dio_GetVersionInfo            
000027cd  Dio_Init                      
000028d1  Dio_ReadChannel               
000027f1  Dio_WriteChannel              
00002b97  GPIOPortE_Handler             
0000278d  MEMORY_FAULT_ENABLE           
000015ef  NVIC_DisableInterrupt         
000016a5  NVIC_EnableInterrupt          
00001789  NVIC_SetInterruptPriorityHw   
00002679  NVIC_SetInterruptPrioritySw   
000015e3  PendSV_Call                   
000015d7  PendSV_Init                   
00000d9b  Port_GetVersionInfo           
0000026d  Port_Init                     
00000ce3  Port_RefreshPortDirection     
00000bf7  Port_SetPinDirection          
00000de3  Port_SetPinMode               
0000316d  ResetISR                      
000015a5  SVC_Handler                   
00001599  SVC_Init                      
0000158f  Switch_To_Privileged          
00001585  Switch_To_Unprivileged        
00002e83  SystemInit                    
00002771  USAGE_FAULT_ENABLE            
00002bdb  Ultrasonic_GetDistance        
00002b59  Ultrasonic_Init               
00002b7b  Ultrasonic_Trigger            
20000200  __STACK_END                   
00000200  __STACK_SIZE                  
20000200  __STACK_TOP                   
00003190  __TI_CINIT_Base               
00003198  __TI_CINIT_Limit              
00003188  __TI_Handler_Table_Base       
00003190  __TI_Handler_Table_Limit      
00003099  __TI_auto_init_nobinit_nopinit
0000302f  __TI_decompress_lzss          
0000315f  __TI_decompress_none          
ffffffff  __TI_pprof_out_hndl           
ffffffff  __TI_prof_data_size           
ffffffff  __TI_prof_data_start          
00000000  __TI_static_base__            
00002fc1  __aeabi_d2f                   
00002c51  __aeabi_ddiv                  
00002d87  __aeabi_dmul                  
00003131  __aeabi_lmul                  
00002f25  __aeabi_memcpy                
00002f25  __aeabi_memcpy4               
00002f25  __aeabi_memcpy8               
00003111  __aeabi_ui2d                  
ffffffff  __binit__                     
ffffffff  __c_args__                    
UNDEFED   __mpu_init                    
20000000  __stack                       
20000000  __start___llvm_prf_cnts       
20000000  __stop___llvm_prf_cnts        
000030dd  _c_int00_noargs               
UNDEFED   _system_post_cinit            
00003179  _system_pre_init              
0000317d  abort                         
ffffffff  binit                         
00000000  g_pfnVectors                  
00002e85  main                          
00002f25  memcpy                        


GLOBAL SYMBOLS: SORTED BY Symbol Address 

address   name                          
-------   ----                          
00000000  __TI_static_base__            
00000000  g_pfnVectors                  
00000200  __STACK_SIZE                  
0000026d  Port_Init                     
00000bf7  Port_SetPinDirection          
00000ce3  Port_RefreshPortDirection     
00000d9b  Port_GetVersionInfo           
00000de3  Port_SetPinMode               
00001585  Switch_To_Unprivileged        
0000158f  Switch_To_Privileged          
00001599  SVC_Init                      
000015a5  SVC_Handler                   
000015d7  PendSV_Init                   
000015e3  PendSV_Call                   
000015ef  NVIC_DisableInterrupt         
000016a5  NVIC_EnableInterrupt          
00001789  NVIC_SetInterruptPriorityHw   
00002679  NVIC_SetInterruptPrioritySw   
0000274f  BUS_FAULT_ENABLE              
00002771  USAGE_FAULT_ENABLE            
0000278d  MEMORY_FAULT_ENABLE           
000027a9  DIV0_faultEnable              
000027cd  Dio_Init                      
000027f1  Dio_WriteChannel              
000028d1  Dio_ReadChannel               
000029ab  Dio_GetVersionInfo            
000029e3  Dio_FlipChannel               
00002b19  Delay_MS                      
00002b59  Ultrasonic_Init               
00002b7b  Ultrasonic_Trigger            
00002b97  GPIOPortE_Handler             
00002bdb  Ultrasonic_GetDistance        
00002c51  __aeabi_ddiv                  
00002d87  __aeabi_dmul                  
00002e83  SystemInit                    
00002e85  main                          
00002f25  __aeabi_memcpy                
00002f25  __aeabi_memcpy4               
00002f25  __aeabi_memcpy8               
00002f25  memcpy                        
00002fc1  __aeabi_d2f                   
0000302f  __TI_decompress_lzss          
00003099  __TI_auto_init_nobinit_nopinit
000030dd  _c_int00_noargs               
00003111  __aeabi_ui2d                  
00003131  __aeabi_lmul                  
00003149  Det_ReportError               
0000315f  __TI_decompress_none          
0000316d  ResetISR                      
00003179  _system_pre_init              
0000317d  C$$EXIT                       
0000317d  abort                         
00003188  __TI_Handler_Table_Base       
00003190  __TI_CINIT_Base               
00003190  __TI_Handler_Table_Limit      
00003198  __TI_CINIT_Limit              
20000000  __stack                       
20000000  __start___llvm_prf_cnts       
20000000  __stop___llvm_prf_cnts        
20000200  __STACK_END                   
20000200  __STACK_TOP                   
ffffffff  __TI_pprof_out_hndl           
ffffffff  __TI_prof_data_size           
ffffffff  __TI_prof_data_start          
ffffffff  __binit__                     
ffffffff  __c_args__                    
ffffffff  binit                         
UNDEFED   __mpu_init                    
UNDEFED   _system_post_cinit            

[69 symbols]
