******************************************************************************
                  TI ARM Linker PC v20.2.7                     
******************************************************************************
>> Linked Thu Nov 21 22:13:33 2024

OUTPUT FILE NAME:   <Pwm_Driver.out>
ENTRY POINT SYMBOL: "_c_int00_noargs"  address: 000037e5


MEMORY CONFIGURATION

         name            origin    length      used     unused   attr    fill
----------------------  --------  ---------  --------  --------  ----  --------
  FLASH                 00000000   00040000  00003cb5  0003c34b  R  X
  SRAM                  20000000   00008000  00000694  0000796c  RW X


SEGMENT ALLOCATION MAP

run origin  load origin   length   init length attrs members
----------  ----------- ---------- ----------- ----- -------
00000000    00000000    00003cb8   00003cb8    r-x
  00000000    00000000    0000026c   0000026c    r-- .intvecs
  0000026c    0000026c    00003818   00003818    r-x .text
  00003a84    00003a84    00000101   00000101    r-- .const
  00003b88    00003b88    00000130   00000130    r-- .cinit
20000000    20000000    00000698   00000000    rw-
  20000000    20000000    000002b0   00000000    rw- .data
  200002b0    200002b0    00000200   00000000    rw- .stack
  200004b0    200004b0    000001d4   00000000    rw- .bss
  20000688    20000688    00000010   00000000    rw- .sysmem


SECTION ALLOCATION MAP

 output                                  attributes/
section   page    origin      length       input sections
--------  ----  ----------  ----------   ----------------
.intvecs   0    00000000    0000026c     
                  00000000    0000026c     tm4c123gh6pm_startup_ccs.obj (.intvecs)

.text      0    0000026c    00003818     
                  0000026c    00000a4e     rtsv7M4_T_le_v4SPD16_eabi.lib : _printfi.c.obj (.text:__TI_printfi)
                  00000cba    00000002                                   : _lock.c.obj (.text:_nop)
                  00000cbc    000003d0     PWM_Driver.obj (.text)
                  0000108c    000003c4     rtsv7M4_T_le_v4SPD16_eabi.lib : e_log.c.obj (.text:log)
                  00001450    0000034c     Dio.obj (.text)
                  0000179c    00000270     rtsv7M4_T_le_v4SPD16_eabi.lib : _printfi.c.obj (.text:_pconv_a)
                  00001a0c    000001d0                                   : _printfi.c.obj (.text:_pconv_g)
                  00001bdc    000001b6                                   : fd_add_t2.asm.obj (.text)
                  00001d92    00000002                                   : div0.asm.obj (.text)
                  00001d94    0000013c                                   : _printfi.c.obj (.text:_pconv_e)
                  00001ed0    00000136                                   : fd_div_t2.asm.obj (.text)
                  00002006    00000002     --HOLE-- [fill = 0]
                  00002008    00000134     Clock_Driver.obj (.text)
                  0000213c    00000124     rtsv7M4_T_le_v4SPD16_eabi.lib : _printfi.c.obj (.text:fcvt)
                  00002260    00000114                                   : fputs.c.obj (.text:fputs)
                  00002374    00000110                                   : s_scalbn.c.obj (.text:scalbn)
                  00002484    00000100                                   : memory.c.obj (.text:aligned_alloc)
                  00002584    000000fc                                   : fd_mul_t2.asm.obj (.text)
                  00002680    000000e4                                   : memory.c.obj (.text:free)
                  00002764    000000e0     main.obj (.text)
                  00002844    000000dc     rtsv7M4_T_le_v4SPD16_eabi.lib : setvbuf.c.obj (.text:setvbuf)
                  00002920    000000b1                                   : _printfi.c.obj (.text:_ltostr)
                  000029d1    00000003     --HOLE-- [fill = 0]
                  000029d4    000000aa     Debug_Driver.obj (.text)
                  00002a7e    0000009c     rtsv7M4_T_le_v4SPD16_eabi.lib : memcpy_t2.asm.obj (.text)
                  00002b1a    00000096                                   : ull_div_t2.asm.obj (.text)
                  00002bb0    0000008c                                   : fputc.c.obj (.text:fputc)
                  00002c3c    00000086                                   : fd_cmp_t2.asm.obj (.text:__aeabi_cdcmple)
                  00002cc2    00000086                                   : fd_cmp_t2.asm.obj (.text:__aeabi_cdrcmple)
                  00002d48    0000007a                                   : memset_t2.asm.obj (.text)
                  00002dc2    00000002     --HOLE-- [fill = 0]
                  00002dc4    00000074                                   : fclose.c.obj (.text:__TI_closefile)
                  00002e38    00000070                                   : memory.c.obj (.text:split)
                  00002ea8    0000006e                                   : _printfi.c.obj (.text:_mcpy)
                  00002f16    00000002     --HOLE-- [fill = 0]
                  00002f18    0000006c                                   : hostrename.c.obj (.text:HOSTrename)
                  00002f84    00000068                                   : hostlseek.c.obj (.text:HOSTlseek)
                  00002fec    00000068                                   : copy_decompress_lzss.c.obj (.text:decompress:lzss:__TI_decompress_lzss)
                  00003054    00000068                                   : printf.c.obj (.text:printf)
                  000030bc    00000064                                   : s_frexp.c.obj (.text:frexp)
                  00003120    00000064                                   : fseek.c.obj (.text:fseek)
                  00003184    00000062                                   : _io_perm.c.obj (.text:__TI_wrt_ok)
                  000031e6    00000002     --HOLE-- [fill = 0]
                  000031e8    00000060                                   : hostopen.c.obj (.text:HOSTopen)
                  00003248    0000005c                                   : close.c.obj (.text:close)
                  000032a4    00000058                                   : hostread.c.obj (.text:HOSTread)
                  000032fc    00000058                                   : hostwrite.c.obj (.text:HOSTwrite)
                  00003354    00000056                                   : _printfi.c.obj (.text:_pconv_f)
                  000033aa    00000054                                   : _ltoa.c.obj (.text:__TI_ltoa)
                  000033fe    00000052                                   : _printfi.c.obj (.text:_ecpy)
                  00003450    0000004c                                   : fflush.c.obj (.text:__TI_doflush)
                  0000349c    0000004c                                   : atoi.c.obj (.text:atoi)
                  000034e8    00000048                                   : exit.c.obj (.text:exit)
                  00003530    00000048                                   : fd_toi_t2.asm.obj (.text)
                  00003578    00000044                                   : hostclose.c.obj (.text:HOSTclose)
                  000035bc    00000044                                   : hostunlink.c.obj (.text:HOSTunlink)
                  00003600    00000044                                   : autoinit.c.obj (.text:__TI_auto_init_nobinit_nopinit:__TI_auto_init_nobinit_nopinit)
                  00003644    00000044                                   : getdevice.c.obj (.text:getdevice)
                  00003688    00000044                                   : fd_tou_t2.asm.obj (.text)
                  000036cc    0000003e                                   : _printfi.c.obj (.text:_fcpy)
                  0000370a    00000002     --HOLE-- [fill = 0]
                  0000370c    00000038                                   : trgmsg.c.obj (.text:__TI_writemsg)
                  00003744    00000036                                   : strncpy.c.obj (.text:strncpy)
                  0000377a    00000002     --HOLE-- [fill = 0]
                  0000377c    00000034                                   : fopen.c.obj (.text:__TI_cleanup)
                  000037b0    00000034                                   : trgmsg.c.obj (.text:__TI_readmsg)
                  000037e4    00000034                                   : boot_cortex_m.c.obj (.text:_c_int00_noargs:_c_int00_noargs)
                  00003818    00000030                                   : getdevice.c.obj (.text:finddevice)
                  00003848    0000002e                                   : i_tofd_t2.asm.obj (.text)
                  00003876    00000002     --HOLE-- [fill = 0]
                  00003878    0000002c                                   : unlink.c.obj (.text:unlink)
                  000038a4    00000028                                   : memory.c.obj (.text:free_list_insert)
                  000038cc    00000028                                   : lseek.c.obj (.text:lseek)
                  000038f4    00000028                                   : write.c.obj (.text:write)
                  0000391c    00000020                                   : memchr.c.obj (.text:memchr)
                  0000393c    00000020                                   : u_tofd_t2.asm.obj (.text)
                  0000395c    0000001c                                   : copy_zero_init.c.obj (.text:decompress:ZI:__TI_zero_init_nomemset:__TI_zero_init_nomemset)
                  00003978    0000001c                                   : memory.c.obj (.text:free_list_remove)
                  00003994    0000001c                                   : memccpy.c.obj (.text:memccpy)
                  000039b0    0000001a                                   : s_copysign.c.obj (.text:copysign)
                  000039ca    00000018                                   : strcmp.c.obj (.text:strcmp)
                  000039e2    00000016     Det.obj (.text)
                  000039f8    00000016     rtsv7M4_T_le_v4SPD16_eabi.lib : strchr.c.obj (.text:strchr)
                  00003a0e    00000014                                   : strcpy.c.obj (.text:strcpy)
                  00003a22    00000014                                   : strlen.c.obj (.text:strlen)
                  00003a36    00000012                                   : wcslen.c.obj (.text:wcslen)
                  00003a48    0000000e                                   : copy_decompress_none.c.obj (.text:decompress:none:__TI_decompress_none)
                  00003a56    0000000c     tm4c123gh6pm_startup_ccs.obj (.text)
                  00003a62    00000002     --HOLE-- [fill = 0]
                  00003a64    00000008     rtsv7M4_T_le_v4SPD16_eabi.lib : errno.c.obj (.text:__aeabi_errno_addr)
                  00003a6c    00000008                                   : memory.c.obj (.text:malloc)
                  00003a74    00000004                                   : printf.c.obj (.text:_outc)
                  00003a78    00000004                                   : printf.c.obj (.text:_outs)
                  00003a7c    00000004                                   : pre_init.c.obj (.text:_system_pre_init)
                  00003a80    00000004                                   : exit.c.obj (.text:abort:abort)

.const     0    00003a84    00000101     
                  00003a84    00000101     rtsv7M4_T_le_v4SPD16_eabi.lib : ctype.c.obj (.const:.string:_ctypes_)

.cinit     0    00003b88    00000130     
                  00003b88    00000108     (.cinit..data.load) [load image, compression = lzss]
                  00003c90    0000000c     (__TI_handler_table)
                  00003c9c    00000004     --HOLE-- [fill = 0]
                  00003ca0    00000008     (.cinit..bss.load) [load image, compression = zero_init]
                  00003ca8    00000010     (__TI_cinit_table)

.init_array 
*          0    00000000    00000000     UNINITIALIZED

.data      0    20000000    000002b0     UNINITIALIZED
                  20000000    000000f0     rtsv7M4_T_le_v4SPD16_eabi.lib : defs.c.obj (.data:_ftable)
                  200000f0    00000078                                   : host_device.c.obj (.data:_device)
                  20000168    00000050                                   : host_device.c.obj (.data:_stream)
                  200001b8    00000020     PWM_Driver.obj (.data:PWM_CMPA_R)
                  200001d8    00000020     PWM_Driver.obj (.data:PWM_CMPB_R)
                  200001f8    00000020     PWM_Driver.obj (.data:PWM_CTL_R)
                  20000218    00000020     PWM_Driver.obj (.data:PWM_GENA_R)
                  20000238    00000020     PWM_Driver.obj (.data:PWM_GENB_R)
                  20000258    00000020     PWM_Driver.obj (.data:PWM_Load_R)
                  20000278    00000010     rtsv7M4_T_le_v4SPD16_eabi.lib : defs.c.obj (.data)
                  20000288    0000000c                                   : exit.c.obj (.data:$O1$$)
                  20000294    00000008                                   : _lock.c.obj (.data:$O1$$)
                  2000029c    00000008                                   : memory.c.obj (.data:$O1$$)
                  200002a4    00000005     Dio.obj (.data)
                  200002a9    00000003     --HOLE--
                  200002ac    00000004     rtsv7M4_T_le_v4SPD16_eabi.lib : errno.c.obj (.data)

.stack     0    200002b0    00000200     UNINITIALIZED
                  200002b0    00000004     rtsv7M4_T_le_v4SPD16_eabi.lib : boot_cortex_m.c.obj (.stack)
                  200002b4    000001fc     --HOLE--

.bss       0    200004b0    000001d4     UNINITIALIZED
                  200004b0    00000120     rtsv7M4_T_le_v4SPD16_eabi.lib : trgmsg.c.obj (.bss:_CIOBUF_)
                  200005d0    000000a0     (.common:__TI_tmpnams)
                  20000670    00000008     (.common:parmbuf)
                  20000678    00000004     (.common:PWM_Load_Value)
                  2000067c    00000004     (.common:i)
                  20000680    00000004     (.common:j)

.sysmem    0    20000688    00000010     UNINITIALIZED
                  20000688    00000010     rtsv7M4_T_le_v4SPD16_eabi.lib : memory.c.obj (.sysmem)

__llvm_prf_cnts 
*          0    20000000    00000000     UNINITIALIZED

MODULE SUMMARY

       Module                         code    ro data   rw data
       ------                         ----    -------   -------
    .\
       main.obj                       224     0         8      
    +--+------------------------------+-------+---------+---------+
       Total:                         224     0         8      
                                                               
    .\Critical_Files\
       tm4c123gh6pm_startup_ccs.obj   12      620       0      
       Det.obj                        22      0         0      
    +--+------------------------------+-------+---------+---------+
       Total:                         34      620       0      
                                                               
    .\Dio_Driver\
       Dio.obj                        844     0         5      
    +--+------------------------------+-------+---------+---------+
       Total:                         844     0         5      
                                                               
    .\PWM_Channel_10kHz\
       PWM_Driver.obj                 976     0         196    
       Clock_Driver.obj               308     0         0      
       Debug_Driver.obj               170     0         0      
    +--+------------------------------+-------+---------+---------+
       Total:                         1454    0         196    
                                                               
    C:\ti\ccs1260\ccs\tools\compiler\ti-cgt-arm_20.2.7.LTS\lib\rtsv7M4_T_le_v4SPD16_eabi.lib
       _printfi.c.obj                 4851    0         0      
       e_log.c.obj                    964     0         0      
       memory.c.obj                   672     0         8      
       fd_add_t2.asm.obj              438     0         0      
       defs.c.obj                     0       0         416    
       trgmsg.c.obj                   108     0         288    
       fd_div_t2.asm.obj              310     0         0      
       fputs.c.obj                    276     0         0      
       s_scalbn.c.obj                 272     0         0      
       fd_cmp_t2.asm.obj              268     0         0      
       ctype.c.obj                    0       257       0      
       fd_mul_t2.asm.obj              252     0         0      
       setvbuf.c.obj                  220     0         0      
       host_device.c.obj              0       0         200    
       memcpy_t2.asm.obj              156     0         0      
       ull_div_t2.asm.obj             150     0         0      
       fputc.c.obj                    140     0         0      
       memset_t2.asm.obj              122     0         0      
       fclose.c.obj                   116     0         0      
       getdevice.c.obj                116     0         0      
       printf.c.obj                   112     0         0      
       hostrename.c.obj               108     0         0      
       copy_decompress_lzss.c.obj     104     0         0      
       hostlseek.c.obj                104     0         0      
       hostopen.c.obj                 96      0         8      
       fseek.c.obj                    100     0         0      
       s_frexp.c.obj                  100     0         0      
       _io_perm.c.obj                 98      0         0      
       close.c.obj                    92      0         0      
       exit.c.obj                     76      0         12     
       hostread.c.obj                 88      0         0      
       hostwrite.c.obj                88      0         0      
       _ltoa.c.obj                    84      0         0      
       atoi.c.obj                     76      0         0      
       fflush.c.obj                   76      0         0      
       fd_toi_t2.asm.obj              72      0         0      
       autoinit.c.obj                 68      0         0      
       fd_tou_t2.asm.obj              68      0         0      
       hostclose.c.obj                68      0         0      
       hostunlink.c.obj               68      0         0      
       strncpy.c.obj                  54      0         0      
       boot_cortex_m.c.obj            52      0         0      
       fopen.c.obj                    52      0         0      
       i_tofd_t2.asm.obj              46      0         0      
       unlink.c.obj                   44      0         0      
       lseek.c.obj                    40      0         0      
       write.c.obj                    40      0         0      
       memchr.c.obj                   32      0         0      
       u_tofd_t2.asm.obj              32      0         0      
       copy_zero_init.c.obj           28      0         0      
       memccpy.c.obj                  28      0         0      
       s_copysign.c.obj               26      0         0      
       strcmp.c.obj                   24      0         0      
       strchr.c.obj                   22      0         0      
       strcpy.c.obj                   20      0         0      
       strlen.c.obj                   20      0         0      
       wcslen.c.obj                   18      0         0      
       copy_decompress_none.c.obj     14      0         0      
       errno.c.obj                    8       0         4      
       _lock.c.obj                    2       0         8      
       pre_init.c.obj                 4       0         0      
       div0.asm.obj                   2       0         0      
    +--+------------------------------+-------+---------+---------+
       Total:                         11785   257       944    
                                                               
       Heap:                          0       0         16     
       Stack:                         0       0         512    
       Linker Generated:              0       300       0      
    +--+------------------------------+-------+---------+---------+
       Grand Total:                   14341   1177      1681   


LINKER GENERATED COPY TABLES

__TI_cinit_table @ 00003ca8 records: 2, size/record: 8, table size: 16
	.data: load addr=00003b88, load size=00000108 bytes, run addr=20000000, run size=000002b0 bytes, compression=lzss
	.bss: load addr=00003ca0, load size=00000008 bytes, run addr=200004b0, run size=000001d4 bytes, compression=zero_init


LINKER GENERATED HANDLER TABLE

__TI_handler_table @ 00003c90 records: 3, size/record: 4, table size: 12
	index: 0, handler: __TI_decompress_lzss
	index: 1, handler: __TI_decompress_none
	index: 2, handler: __TI_zero_init


GLOBAL SYMBOLS: SORTED ALPHABETICALLY BY Name 

address   name                           
-------   ----                           
00003a81  C$$EXIT                        
0000373b  C$$IO$$                        
00000cbd  CLK_PWM_Enable                 
00002a4f  Debug_Intialization            
000029d5  Debug_Led                      
000039e3  Det_ReportError                
00001667  Dio_FlipChannel                
0000162f  Dio_GetVersionInfo             
00001451  Dio_Init                       
00001555  Dio_ReadChannel                
00001475  Dio_WriteChannel               
00003579  HOSTclose                      
00002f85  HOSTlseek                      
000031e9  HOSTopen                       
000032a5  HOSTread                       
00002f19  HOSTrename                     
000035bd  HOSTunlink                     
000032fd  HOSTwrite                      
00000e35  PWM_Action_Comparator_Down     
00000d99  PWM_Action_For_Load            
200001b8  PWM_CMPA_R                     
200001d8  PWM_CMPB_R                     
200001f8  PWM_CTL_R                      
20000218  PWM_GENA_R                     
20000238  PWM_GENB_R                     
00000d49  PWM_Generator_Enable           
20000258  PWM_Load_R                     
20000678  PWM_Load_Value                 
0000101d  PWM_Module_Start               
00000f65  PWM_Set_Duty_Cycle             
00000ed5  PWM_Set_Frequency              
00003a57  ResetISR                       
00002009  Set_Clock_MHz                  
00000cdb  Use_PWM_Divisor                
200004b0  __CIOBUF_                      
200004b0  __STACK_END                    
00000200  __STACK_SIZE                   
200004b0  __STACK_TOP                    
00000010  __SYSMEM_SIZE                  
00003ca8  __TI_CINIT_Base                
00003cb8  __TI_CINIT_Limit               
00003c90  __TI_Handler_Table_Base        
00003c9c  __TI_Handler_Table_Limit       
00003601  __TI_auto_init_nobinit_nopinit 
0000377d  __TI_cleanup                   
20000288  __TI_cleanup_ptr               
00002dc5  __TI_closefile                 
00002fed  __TI_decompress_lzss           
00003a49  __TI_decompress_none           
00003451  __TI_doflush                   
2000028c  __TI_dtors_ptr                 
20000290  __TI_enable_exit_profile_output
20000278  __TI_ft_end                    
000033ab  __TI_ltoa                      
ffffffff  __TI_pprof_out_hndl            
0000026d  __TI_printfi                   
ffffffff  __TI_prof_data_size            
ffffffff  __TI_prof_data_start           
000037b1  __TI_readmsg                   
00000000  __TI_static_base__             
200005d0  __TI_tmpnams                   
0000370d  __TI_writemsg                  
00003185  __TI_wrt_ok                    
0000395d  __TI_zero_init_nomemset        
00002c3d  __aeabi_cdcmpeq                
00002c3d  __aeabi_cdcmple                
00002cc3  __aeabi_cdrcmple               
00003531  __aeabi_d2iz                   
00003689  __aeabi_d2uiz                  
00001be7  __aeabi_dadd                   
00001ed1  __aeabi_ddiv                   
00002585  __aeabi_dmul                   
00001bdd  __aeabi_dsub                   
00003a65  __aeabi_errno_addr             
00003849  __aeabi_i2d                    
00001d93  __aeabi_idiv0                  
00001d93  __aeabi_ldiv0                  
00002d49  __aeabi_memclr                 
00002d49  __aeabi_memclr4                
00002d49  __aeabi_memclr8                
00002a7f  __aeabi_memcpy                 
00002a7f  __aeabi_memcpy4                
00002a7f  __aeabi_memcpy8                
00002d4b  __aeabi_memset                 
00002d4b  __aeabi_memset4                
00002d4b  __aeabi_memset8                
20000284  __aeabi_stderr                 
2000027c  __aeabi_stdin                  
20000280  __aeabi_stdout                 
0000393d  __aeabi_ui2d                   
00002b1b  __aeabi_uldivmod               
ffffffff  __binit__                      
ffffffff  __c_args__                     
UNDEFED   __mpu_init                     
200002b0  __stack                        
20000000  __start___llvm_prf_cnts        
20000000  __stop___llvm_prf_cnts         
000037e5  _c_int00_noargs                
00003a84  _ctypes_                       
200000f0  _device                        
20000000  _ftable                        
20000294  _lock                          
00000cbb  _nop                           
20000168  _stream                        
20000688  _sys_memory                    
UNDEFED   _system_post_cinit             
00003a7d  _system_pre_init               
20000298  _unlock                        
00003a81  abort                          
00002485  aligned_alloc                  
0000349d  atoi                           
ffffffff  binit                          
00003249  close                          
000039b1  copysign                       
000039b1  copysignl                      
200002ac  errno                          
000034e9  exit                           
00003819  finddevice                     
00002bb1  fputc                          
00002261  fputs                          
00002681  free                           
000030bd  frexp                          
000030bd  frexpl                         
00003121  fseek                          
00000000  g_pfnVectors                   
00003645  getdevice                      
2000067c  i                              
20000680  j                              
00002375  ldexp                          
00002375  ldexpl                         
0000108d  log                            
0000108d  logl                           
000038cd  lseek                          
00002765  main                           
00003a6d  malloc                         
00002485  memalign                       
00003995  memccpy                        
0000391d  memchr                         
00002a7f  memcpy                         
00002d51  memset                         
20000670  parmbuf                        
00003055  printf                         
00002bb1  putc                           
00003879  remove                         
00002375  scalbn                         
00002375  scalbnl                        
00002845  setvbuf                        
000039f9  strchr                         
000039cb  strcmp                         
00003a0f  strcpy                         
00003a23  strlen                         
00003745  strncpy                        
00003879  unlink                         
00003a37  wcslen                         
000038f5  write                          


GLOBAL SYMBOLS: SORTED BY Symbol Address 

address   name                           
-------   ----                           
00000000  __TI_static_base__             
00000000  g_pfnVectors                   
00000010  __SYSMEM_SIZE                  
00000200  __STACK_SIZE                   
0000026d  __TI_printfi                   
00000cbb  _nop                           
00000cbd  CLK_PWM_Enable                 
00000cdb  Use_PWM_Divisor                
00000d49  PWM_Generator_Enable           
00000d99  PWM_Action_For_Load            
00000e35  PWM_Action_Comparator_Down     
00000ed5  PWM_Set_Frequency              
00000f65  PWM_Set_Duty_Cycle             
0000101d  PWM_Module_Start               
0000108d  log                            
0000108d  logl                           
00001451  Dio_Init                       
00001475  Dio_WriteChannel               
00001555  Dio_ReadChannel                
0000162f  Dio_GetVersionInfo             
00001667  Dio_FlipChannel                
00001bdd  __aeabi_dsub                   
00001be7  __aeabi_dadd                   
00001d93  __aeabi_idiv0                  
00001d93  __aeabi_ldiv0                  
00001ed1  __aeabi_ddiv                   
00002009  Set_Clock_MHz                  
00002261  fputs                          
00002375  ldexp                          
00002375  ldexpl                         
00002375  scalbn                         
00002375  scalbnl                        
00002485  aligned_alloc                  
00002485  memalign                       
00002585  __aeabi_dmul                   
00002681  free                           
00002765  main                           
00002845  setvbuf                        
000029d5  Debug_Led                      
00002a4f  Debug_Intialization            
00002a7f  __aeabi_memcpy                 
00002a7f  __aeabi_memcpy4                
00002a7f  __aeabi_memcpy8                
00002a7f  memcpy                         
00002b1b  __aeabi_uldivmod               
00002bb1  fputc                          
00002bb1  putc                           
00002c3d  __aeabi_cdcmpeq                
00002c3d  __aeabi_cdcmple                
00002cc3  __aeabi_cdrcmple               
00002d49  __aeabi_memclr                 
00002d49  __aeabi_memclr4                
00002d49  __aeabi_memclr8                
00002d4b  __aeabi_memset                 
00002d4b  __aeabi_memset4                
00002d4b  __aeabi_memset8                
00002d51  memset                         
00002dc5  __TI_closefile                 
00002f19  HOSTrename                     
00002f85  HOSTlseek                      
00002fed  __TI_decompress_lzss           
00003055  printf                         
000030bd  frexp                          
000030bd  frexpl                         
00003121  fseek                          
00003185  __TI_wrt_ok                    
000031e9  HOSTopen                       
00003249  close                          
000032a5  HOSTread                       
000032fd  HOSTwrite                      
000033ab  __TI_ltoa                      
00003451  __TI_doflush                   
0000349d  atoi                           
000034e9  exit                           
00003531  __aeabi_d2iz                   
00003579  HOSTclose                      
000035bd  HOSTunlink                     
00003601  __TI_auto_init_nobinit_nopinit 
00003645  getdevice                      
00003689  __aeabi_d2uiz                  
0000370d  __TI_writemsg                  
0000373b  C$$IO$$                        
00003745  strncpy                        
0000377d  __TI_cleanup                   
000037b1  __TI_readmsg                   
000037e5  _c_int00_noargs                
00003819  finddevice                     
00003849  __aeabi_i2d                    
00003879  remove                         
00003879  unlink                         
000038cd  lseek                          
000038f5  write                          
0000391d  memchr                         
0000393d  __aeabi_ui2d                   
0000395d  __TI_zero_init_nomemset        
00003995  memccpy                        
000039b1  copysign                       
000039b1  copysignl                      
000039cb  strcmp                         
000039e3  Det_ReportError                
000039f9  strchr                         
00003a0f  strcpy                         
00003a23  strlen                         
00003a37  wcslen                         
00003a49  __TI_decompress_none           
00003a57  ResetISR                       
00003a65  __aeabi_errno_addr             
00003a6d  malloc                         
00003a7d  _system_pre_init               
00003a81  C$$EXIT                        
00003a81  abort                          
00003a84  _ctypes_                       
00003c90  __TI_Handler_Table_Base        
00003c9c  __TI_Handler_Table_Limit       
00003ca8  __TI_CINIT_Base                
00003cb8  __TI_CINIT_Limit               
20000000  __start___llvm_prf_cnts        
20000000  __stop___llvm_prf_cnts         
20000000  _ftable                        
200000f0  _device                        
20000168  _stream                        
200001b8  PWM_CMPA_R                     
200001d8  PWM_CMPB_R                     
200001f8  PWM_CTL_R                      
20000218  PWM_GENA_R                     
20000238  PWM_GENB_R                     
20000258  PWM_Load_R                     
20000278  __TI_ft_end                    
2000027c  __aeabi_stdin                  
20000280  __aeabi_stdout                 
20000284  __aeabi_stderr                 
20000288  __TI_cleanup_ptr               
2000028c  __TI_dtors_ptr                 
20000290  __TI_enable_exit_profile_output
20000294  _lock                          
20000298  _unlock                        
200002ac  errno                          
200002b0  __stack                        
200004b0  __CIOBUF_                      
200004b0  __STACK_END                    
200004b0  __STACK_TOP                    
200005d0  __TI_tmpnams                   
20000670  parmbuf                        
20000678  PWM_Load_Value                 
2000067c  i                              
20000680  j                              
20000688  _sys_memory                    
ffffffff  __TI_pprof_out_hndl            
ffffffff  __TI_prof_data_size            
ffffffff  __TI_prof_data_start           
ffffffff  __binit__                      
ffffffff  __c_args__                     
ffffffff  binit                          
UNDEFED   __mpu_init                     
UNDEFED   _system_post_cinit             

[155 symbols]
