******************************************************************************
                  TI ARM Linker PC v20.2.7                     
******************************************************************************
>> Linked Thu Feb 20 08:58:33 2025

OUTPUT FILE NAME:   <test_PWM.out>
ENTRY POINT SYMBOL: "_c_int00_noinit_noargs"  address: 0000098d


MEMORY CONFIGURATION

         name            origin    length      used     unused   attr    fill
----------------------  --------  ---------  --------  --------  ----  --------
  FLASH                 00000000   00040000  000009ec  0003f614  R  X
  SRAM                  20000000   00008000  00000200  00007e00  RW X


SEGMENT ALLOCATION MAP

run origin  load origin   length   init length attrs members
----------  ----------- ---------- ----------- ----- -------
00000000    00000000    000009ec   000009ec    r-x
  00000000    00000000    0000026c   0000026c    r-- .intvecs
  0000026c    0000026c    00000780   00000780    r-x .text
20000000    20000000    00000200   00000000    rw-
  20000000    20000000    00000200   00000000    rw- .stack


SECTION ALLOCATION MAP

 output                                  attributes/
section   page    origin      length       input sections
--------  ----  ----------  ----------   ----------------
.intvecs   0    00000000    0000026c     
                  00000000    0000026c     tm4c123gh6pm_startup_ccs.obj (.intvecs)

.text      0    0000026c    00000780     
                  0000026c    0000024c     main.obj (.text)
                  000004b8    000001b6     rtsv7M4_T_le_v4SPD16_eabi.lib : fd_add_t2.asm.obj (.text)
                  0000066e    00000136                                   : fd_div_t2.asm.obj (.text)
                  000007a4    000000fc                                   : fd_mul_t2.asm.obj (.text)
                  000008a0    0000006e                                   : fd_tos_t2.asm.obj (.text)
                  0000090e    00000044                                   : fd_tou_t2.asm.obj (.text)
                  00000952    00000038                                   : fs_tod_t2.asm.obj (.text)
                  0000098a    00000002     --HOLE-- [fill = 0]
                  0000098c    0000002c                                   : boot_cortex_m.c.obj (.text:_c_int00_noinit_noargs:_c_int00_noinit_noargs)
                  000009b8    00000020                                   : u_tofd_t2.asm.obj (.text)
                  000009d8    0000000c     tm4c123gh6pm_startup_ccs.obj (.text)
                  000009e4    00000004     rtsv7M4_T_le_v4SPD16_eabi.lib : pre_init.c.obj (.text:_system_pre_init)
                  000009e8    00000004                                   : exit.c.obj (.text:abort:abort)

.cinit     0    00000000    00000000     UNINITIALIZED

.init_array 
*          0    00000000    00000000     UNINITIALIZED

.stack     0    20000000    00000200     UNINITIALIZED
                  20000000    00000004     rtsv7M4_T_le_v4SPD16_eabi.lib : boot_cortex_m.c.obj (.stack)
                  20000004    000001fc     --HOLE--

__llvm_prf_cnts 
*          0    20000000    00000000     UNINITIALIZED

MODULE SUMMARY

       Module                         code   ro data   rw data
       ------                         ----   -------   -------
    .\
       tm4c123gh6pm_startup_ccs.obj   12     620       0      
       main.obj                       588    0         0      
    +--+------------------------------+------+---------+---------+
       Total:                         600    620       0      
                                                              
    C:\ti\codecomposer1260\ccs\tools\compiler\ti-cgt-arm_20.2.7.LTS\lib\rtsv7M4_T_le_v4SPD16_eabi.lib
       fd_add_t2.asm.obj              438    0         0      
       fd_div_t2.asm.obj              310    0         0      
       fd_mul_t2.asm.obj              252    0         0      
       fd_tos_t2.asm.obj              110    0         0      
       fd_tou_t2.asm.obj              68     0         0      
       fs_tod_t2.asm.obj              56     0         0      
       boot_cortex_m.c.obj            44     0         0      
       u_tofd_t2.asm.obj              32     0         0      
       exit.c.obj                     4      0         0      
       pre_init.c.obj                 4      0         0      
    +--+------------------------------+------+---------+---------+
       Total:                         1318   0         0      
                                                              
       Stack:                         0      0         512    
    +--+------------------------------+------+---------+---------+
       Grand Total:                   1918   620       512    


GLOBAL SYMBOLS: SORTED ALPHABETICALLY BY Name 

address   name                   
-------   ----                   
000009e9  C$$EXIT                
0000026d  PWM_Init               
0000030b  PWM_SetDutyCycle       
000009d9  ResetISR               
00000379  Servo_SetAngle         
20000200  __STACK_END            
00000200  __STACK_SIZE           
20000200  __STACK_TOP            
ffffffff  __TI_pprof_out_hndl    
ffffffff  __TI_prof_data_size    
ffffffff  __TI_prof_data_start   
00000000  __TI_static_base__     
000008a1  __aeabi_d2f            
0000090f  __aeabi_d2uiz          
000004c3  __aeabi_dadd           
0000066f  __aeabi_ddiv           
000007a5  __aeabi_dmul           
000004b9  __aeabi_dsub           
00000953  __aeabi_f2d            
000009b9  __aeabi_ui2d           
ffffffff  __binit__              
ffffffff  __c_args__             
UNDEFED   __mpu_init             
20000000  __stack                
20000000  __start___llvm_prf_cnts
20000000  __stop___llvm_prf_cnts 
0000098d  _c_int00_noinit_noargs 
000009e5  _system_pre_init       
000009e9  abort                  
ffffffff  binit                  
00000000  g_pfnVectors           
000003eb  main                   


GLOBAL SYMBOLS: SORTED BY Symbol Address 

address   name                   
-------   ----                   
00000000  __TI_static_base__     
00000000  g_pfnVectors           
00000200  __STACK_SIZE           
0000026d  PWM_Init               
0000030b  PWM_SetDutyCycle       
00000379  Servo_SetAngle         
000003eb  main                   
000004b9  __aeabi_dsub           
000004c3  __aeabi_dadd           
0000066f  __aeabi_ddiv           
000007a5  __aeabi_dmul           
000008a1  __aeabi_d2f            
0000090f  __aeabi_d2uiz          
00000953  __aeabi_f2d            
0000098d  _c_int00_noinit_noargs 
000009b9  __aeabi_ui2d           
000009d9  ResetISR               
000009e5  _system_pre_init       
000009e9  C$$EXIT                
000009e9  abort                  
20000000  __stack                
20000000  __start___llvm_prf_cnts
20000000  __stop___llvm_prf_cnts 
20000200  __STACK_END            
20000200  __STACK_TOP            
ffffffff  __TI_pprof_out_hndl    
ffffffff  __TI_prof_data_size    
ffffffff  __TI_prof_data_start   
ffffffff  __binit__              
ffffffff  __c_args__             
ffffffff  binit                  
UNDEFED   __mpu_init             

[32 symbols]
