******************************************************************************
                  TI ARM Linker PC v20.2.7                     
******************************************************************************
>> Linked Thu Sep 12 08:36:15 2024

OUTPUT FILE NAME:   <GP_NVIC_SYSTICK.out>
ENTRY POINT SYMBOL: "_c_int00_noargs"  address: 00002d11


MEMORY CONFIGURATION

         name            origin    length      used     unused   attr    fill
----------------------  --------  ---------  --------  --------  ----  --------
  FLASH                 00000000   00040000  00002f30  0003d0d0  R  X
  SRAM                  20000000   00008000  00000214  00007dec  RW X


SEGMENT ALLOCATION MAP

run origin  load origin   length   init length attrs members
----------  ----------- ---------- ----------- ----- -------
00000000    00000000    00002f30   00002f30    r-x
  00000000    00000000    0000026c   0000026c    r-- .intvecs
  0000026c    0000026c    00002b44   00002b44    r-x .text
  00002db0    00002db0    00000168   00000168    r-- .const
  00002f18    00002f18    00000018   00000018    r-- .cinit
20000000    20000000    00000214   00000000    rw-
  20000000    20000000    00000200   00000000    rw- .stack
  20000200    20000200    00000014   00000000    rw- .data


SECTION ALLOCATION MAP

 output                                  attributes/
section   page    origin      length       input sections
--------  ----  ----------  ----------   ----------------
.intvecs   0    00000000    0000026c     
                  00000000    0000026c     tm4c123gh6pm_startup_ccs.obj (.intvecs)

.text      0    0000026c    00002b44     
                  0000026c    00001318     Port.obj (.text)
                  00001584    00001248     NVIC.obj (.text)
                  000027cc    0000034c     Dio.obj (.text)
                  00002b18    000000b0     SYSTICK.obj (.text)
                  00002bc8    0000009c     rtsv7M4_T_le_v4SPD16_eabi.lib : memcpy_t2.asm.obj (.text)
                  00002c64    00000068                                   : copy_decompress_lzss.c.obj (.text:decompress:lzss:__TI_decompress_lzss)
                  00002ccc    00000044                                   : autoinit.c.obj (.text:__TI_auto_init_nobinit_nopinit:__TI_auto_init_nobinit_nopinit)
                  00002d10    00000034                                   : boot_cortex_m.c.obj (.text:_c_int00_noargs:_c_int00_noargs)
                  00002d44    00000034     main.obj (.text)
                  00002d78    00000016     Det.obj (.text)
                  00002d8e    0000000e     rtsv7M4_T_le_v4SPD16_eabi.lib : copy_decompress_none.c.obj (.text:decompress:none:__TI_decompress_none)
                  00002d9c    0000000c     tm4c123gh6pm_startup_ccs.obj (.text)
                  00002da8    00000004     rtsv7M4_T_le_v4SPD16_eabi.lib : pre_init.c.obj (.text:_system_pre_init)
                  00002dac    00000004                                   : exit.c.obj (.text:abort:abort)

.const     0    00002db0    00000168     
                  00002db0    00000158     Port_PBcfg.obj (.const:Port_Configuration)
                  00002f08    0000000c     SYSTICK_PBcfg.obj (.const:systickConfiguration)
                  00002f14    00000004     Dio_PBcfg.obj (.const:Dio_Configuration)

.cinit     0    00002f18    00000018     
                  00002f18    00000008     (.cinit..data.load) [load image, compression = lzss]
                  00002f20    00000008     (__TI_handler_table)
                  00002f28    00000008     (__TI_cinit_table)

.init_array 
*          0    00000000    00000000     UNINITIALIZED

.data      0    20000200    00000014     UNINITIALIZED
                  20000200    00000005     Dio.obj (.data)
                  20000205    00000003     --HOLE--
                  20000208    00000005     Port.obj (.data)
                  2000020d    00000003     --HOLE--
                  20000210    00000004     SYSTICK.obj (.data)

.stack     0    20000000    00000200     UNINITIALIZED
                  20000000    00000004     rtsv7M4_T_le_v4SPD16_eabi.lib : boot_cortex_m.c.obj (.stack)
                  20000004    000001fc     --HOLE--

__llvm_prf_cnts 
*          0    20000000    00000000     UNINITIALIZED

MODULE SUMMARY

       Module                         code    ro data   rw data
       ------                         ----    -------   -------
    .\
       tm4c123gh6pm_startup_ccs.obj   12      620       0      
       main.obj                       52      0         0      
    +--+------------------------------+-------+---------+---------+
       Total:                         64      620       0      
                                                               
    .\Critical_Files\
       Det.obj                        22      0         0      
    +--+------------------------------+-------+---------+---------+
       Total:                         22      0         0      
                                                               
    .\Dio_Driver\
       Dio.obj                        844     0         5      
       Dio_PBcfg.obj                  0       4         0      
    +--+------------------------------+-------+---------+---------+
       Total:                         844     4         5      
                                                               
    .\NVIC_Driver\
       NVIC.obj                       4680    0         0      
    +--+------------------------------+-------+---------+---------+
       Total:                         4680    0         0      
                                                               
    .\Port_Driver\
       Port.obj                       4888    0         5      
       Port_PBcfg.obj                 0       344       0      
    +--+------------------------------+-------+---------+---------+
       Total:                         4888    344       5      
                                                               
    .\SYSTICK_Driver\
       SYSTICK.obj                    176     0         4      
       SYSTICK_PBcfg.obj              0       12        0      
    +--+------------------------------+-------+---------+---------+
       Total:                         176     12        4      
                                                               
    C:\ti\codecomposer1260\ccs\tools\compiler\ti-cgt-arm_20.2.7.LTS\lib\rtsv7M4_T_le_v4SPD16_eabi.lib
       memcpy_t2.asm.obj              156     0         0      
       copy_decompress_lzss.c.obj     104     0         0      
       autoinit.c.obj                 68      0         0      
       boot_cortex_m.c.obj            52      0         0      
       copy_decompress_none.c.obj     14      0         0      
       exit.c.obj                     4       0         0      
       pre_init.c.obj                 4       0         0      
    +--+------------------------------+-------+---------+---------+
       Total:                         402     0         0      
                                                               
       Stack:                         0       0         512    
       Linker Generated:              0       24        0      
    +--+------------------------------+-------+---------+---------+
       Grand Total:                   11076   1004      526    


LINKER GENERATED COPY TABLES

__TI_cinit_table @ 00002f28 records: 1, size/record: 8, table size: 8
	.data: load addr=00002f18, load size=00000008 bytes, run addr=20000200, run size=00000014 bytes, compression=lzss


LINKER GENERATED HANDLER TABLE

__TI_handler_table @ 00002f20 records: 2, size/record: 4, table size: 8
	index: 0, handler: __TI_decompress_lzss
	index: 1, handler: __TI_decompress_none


GLOBAL SYMBOLS: SORTED ALPHABETICALLY BY Name 

address   name                          
-------   ----                          
0000274f  BUS_FAULT_ENABLE              
00002dad  C$$EXIT                       
000027a9  DIV0_faultEnable              
00002d79  Det_ReportError               
00002f14  Dio_Configuration             
000029e3  Dio_FlipChannel               
000029ab  Dio_GetVersionInfo            
000027cd  Dio_Init                      
000028d1  Dio_ReadChannel               
000027f1  Dio_WriteChannel              
0000278d  MEMORY_FAULT_ENABLE           
000015ef  NVIC_DisableInterrupt         
000016a5  NVIC_EnableInterrupt          
00001789  NVIC_SetInterruptPriorityHw   
00002679  NVIC_SetInterruptPrioritySw   
000015e3  PendSV_Call                   
000015d7  PendSV_Init                   
00002db0  Port_Configuration            
00000d9b  Port_GetVersionInfo           
0000026d  Port_Init                     
00000ce3  Port_RefreshPortDirection     
00000bf7  Port_SetPinDirection          
00000de3  Port_SetPinMode               
00002d9d  ResetISR                      
000015a5  SVC_Handler                   
00001599  SVC_Init                      
0000158f  Switch_To_Privileged          
00001585  Switch_To_Unprivileged        
00002d45  SysTick_Handler               
00002b19  SysTick_Init                  
00002ba3  SysTick_SetCallBack           
00002b9b  SysTick_Stop                  
00002771  USAGE_FAULT_ENABLE            
20000200  __STACK_END                   
00000200  __STACK_SIZE                  
20000200  __STACK_TOP                   
00002f28  __TI_CINIT_Base               
00002f30  __TI_CINIT_Limit              
00002f20  __TI_Handler_Table_Base       
00002f28  __TI_Handler_Table_Limit      
00002ccd  __TI_auto_init_nobinit_nopinit
00002c65  __TI_decompress_lzss          
00002d8f  __TI_decompress_none          
ffffffff  __TI_pprof_out_hndl           
ffffffff  __TI_prof_data_size           
ffffffff  __TI_prof_data_start          
00000000  __TI_static_base__            
00002bc9  __aeabi_memcpy                
00002bc9  __aeabi_memcpy4               
00002bc9  __aeabi_memcpy8               
ffffffff  __binit__                     
ffffffff  __c_args__                    
UNDEFED   __mpu_init                    
20000000  __stack                       
20000000  __start___llvm_prf_cnts       
20000000  __stop___llvm_prf_cnts        
00002d11  _c_int00_noargs               
UNDEFED   _system_post_cinit            
00002da9  _system_pre_init              
00002dad  abort                         
ffffffff  binit                         
00000000  g_pfnVectors                  
00002d4f  main                          
00002bc9  memcpy                        
00002f08  systickConfiguration          


GLOBAL SYMBOLS: SORTED BY Symbol Address 

address   name                          
-------   ----                          
00000000  __TI_static_base__            
00000000  g_pfnVectors                  
00000200  __STACK_SIZE                  
0000026d  Port_Init                     
00000bf7  Port_SetPinDirection          
00000ce3  Port_RefreshPortDirection     
00000d9b  Port_GetVersionInfo           
00000de3  Port_SetPinMode               
00001585  Switch_To_Unprivileged        
0000158f  Switch_To_Privileged          
00001599  SVC_Init                      
000015a5  SVC_Handler                   
000015d7  PendSV_Init                   
000015e3  PendSV_Call                   
000015ef  NVIC_DisableInterrupt         
000016a5  NVIC_EnableInterrupt          
00001789  NVIC_SetInterruptPriorityHw   
00002679  NVIC_SetInterruptPrioritySw   
0000274f  BUS_FAULT_ENABLE              
00002771  USAGE_FAULT_ENABLE            
0000278d  MEMORY_FAULT_ENABLE           
000027a9  DIV0_faultEnable              
000027cd  Dio_Init                      
000027f1  Dio_WriteChannel              
000028d1  Dio_ReadChannel               
000029ab  Dio_GetVersionInfo            
000029e3  Dio_FlipChannel               
00002b19  SysTick_Init                  
00002b9b  SysTick_Stop                  
00002ba3  SysTick_SetCallBack           
00002bc9  __aeabi_memcpy                
00002bc9  __aeabi_memcpy4               
00002bc9  __aeabi_memcpy8               
00002bc9  memcpy                        
00002c65  __TI_decompress_lzss          
00002ccd  __TI_auto_init_nobinit_nopinit
00002d11  _c_int00_noargs               
00002d45  SysTick_Handler               
00002d4f  main                          
00002d79  Det_ReportError               
00002d8f  __TI_decompress_none          
00002d9d  ResetISR                      
00002da9  _system_pre_init              
00002dad  C$$EXIT                       
00002dad  abort                         
00002db0  Port_Configuration            
00002f08  systickConfiguration          
00002f14  Dio_Configuration             
00002f20  __TI_Handler_Table_Base       
00002f28  __TI_CINIT_Base               
00002f28  __TI_Handler_Table_Limit      
00002f30  __TI_CINIT_Limit              
20000000  __stack                       
20000000  __start___llvm_prf_cnts       
20000000  __stop___llvm_prf_cnts        
20000200  __STACK_END                   
20000200  __STACK_TOP                   
ffffffff  __TI_pprof_out_hndl           
ffffffff  __TI_prof_data_size           
ffffffff  __TI_prof_data_start          
ffffffff  __binit__                     
ffffffff  __c_args__                    
ffffffff  binit                         
UNDEFED   __mpu_init                    
UNDEFED   _system_post_cinit            

[65 symbols]
